20260712_Settimanale.png|ig
20260712_Settimanale.png|fb
20260713_Carosello|ig
20260713_Carosello|fb
20260713_Storia_1.png|ig
20260713_Storia_1.png|fb
20260714_Post giornaliero.png|ig
20260714_Post giornaliero.png|fb
20260715_Storia_1.png|ig
20260715_Storia_2.png|ig
20260715_Storia_1.png|fb
20260715_Storia_2.png|fb
20260715_Post giornaliero.png|ig
20260715_Post giornaliero.png|fb
20260716_Post giornaliero.png|ig
20260716_Post giornaliero.png|fb
20260716_Storia_1.png|ig
20260716_Storia_2.png|ig
20260716_Storia_1.png|fb
20260716_Storia_2.png|fb
20260716_Weekend.png|ig
20260716_Weekend.png|fb
20260717_Post giornaliero.png|ig
20260717_Post giornaliero.png|fb
20260717_Storia_1.png|ig
20260717_Storia_2.png|ig
20260717_Storia_3.png|ig
20260717_Storia_1.png|fb
20260717_Storia_2.png|fb
20260717_Storia_3.png|fb
20260718_Post giornaliero.png|ig
20260718_Post giornaliero.png|fb
20260718_Storia_1.png|ig
20260718_Storia_2.png|ig
20260718_Storia_3.png|ig
20260718_Storia_1.png|fb
20260718_Storia_2.png|fb
20260718_Storia_3.png|fb
20260719_Storia_1.png|ig
20260719_Storia_1.png|fb
20260719_Settimanale|ig
20260719_Settimanale|fb
20260721_Storia_1.png|ig
20260721_Storia_1.png|fb
20260722_Storia_1.png|ig
20260722_Storia_1.png|fb
20260723_Storia_1.png|ig
20260723_Storia_1.png|fb
20260723_Post giornaliero.png|ig
20260723_Post giornaliero.png|fb
20260724_Post giornaliero.png|ig
20260724_Post giornaliero.png|fb
20260724_Storia_1.png|ig
20260724_Storia_2.png|ig
20260724_Storia_3.png|ig
20260724_Storia_1.png|fb
20260724_Storia_2.png|fb
20260724_Storia_3.png|fb
20260725_Post giornaliero.png|ig
20260725_Post giornaliero.png|fb
20260725_Storia_1.png|ig
20260725_Storia_1.png|fb
20260726_Post giornaliero.png|ig
20260726_Post giornaliero.png|fb
20260726_Storia_1.png|ig
20260726_Storia_2.png|ig
20260726_Storia_3.png|ig
20260726_Storia_1.png|fb
20260726_Storia_2.png|fb
20260726_Storia_3.png|fb
20260726_Settimanale|ig
20260726_Settimanale|fb
20260727_Post giornaliero.png|ig
20260727_Post giornaliero.png|fb
20260727_Storia_1.png|ig
20260727_Storia_2.png|ig
20260727_Storia_1.png|fb
20260727_Storia_2.png|fb
20260728_Post giornaliero.png|ig
20260728_Post giornaliero.png|fb
20260728_Storia_1.png|ig
20260728_Storia_2.png|ig
20260728_Storia_1.png|fb
20260728_Storia_2.png|fb
20260729_Post giornaliero.png|ig
20260729_Post giornaliero.png|fb
20260729_Storia_1.png|ig
20260729_Storia_1.png|fb
20260730_Post giornaliero.png|ig
20260730_Post giornaliero.png|fb
20260730_Storia_1.png|ig
20260730_Storia_1.png|fb
20260730_Weekend|ig
20260730_Weekend|fb
20260731_Post giornaliero.png|ig
20260731_Post giornaliero.png|fb
20260731_Storia_1.png|ig
20260731_Storia_2.png|ig
20260731_Storia_3.png|ig
20260731_Storia_1.png|fb
20260731_Storia_2.png|fb
20260731_Storia_3.png|fb
20260731_Carosello|fb
20260801_Post giornaliero.png|ig
20260801_Post giornaliero.png|fb
20260801_Storia_1.png|ig
20260801_Storia_2.png|ig
20260801_Storia_1.png|fb
20260801_Storia_2.png|fb
20260802_Post giornaliero.png|ig
20260802_Post giornaliero.png|fb
20260802_Storia_1.png|ig
20260802_Storia_2.png|ig
20260802_Storia_1.png|fb
20260802_Storia_2.png|fb
20260802_Settimanale|fb
20260803_Post giornaliero.png|fb
20260804_Post giornaliero.png|fb
20260805_Post giornaliero.png|fb
20260805_Storia_1.png|ig
20260805_Storia_2.png|ig
20260805_Storia_1.png|fb
20260805_Storia_2.png|fb
20260806_Post giornaliero.png|fb
20260806_Storia_1.png|ig
20260806_Storia_1.png|fb
20260804_Post giornaliero.png|ig
20260805_Post giornaliero.png|ig
20260806_Post giornaliero.png|ig
20260731_Carosello|ig
20260802_Settimanale|ig
20260807_Post giornaliero.png|fb
20260807_Post giornaliero.png|ig
20260808_Post giornaliero.png|ig
20260808_Post giornaliero.png|fb
20260808_Storia_1.png|ig
20260808_Storia_1.png|fb
20260808_Weekend|ig
20260808_Weekend|fb
20260809_Post giornaliero.png|ig
20260809_Post giornaliero.png|fb
20260809_Storia_1.png|ig
20260809_Storia_1.png|fb
20260809_Settimanale|ig
20260809_Settimanale|fb
20260811_Post giornaliero.png|ig
20260811_Post giornaliero.png|fb
20260811_Storia_1.png|ig
20260811_Storia_1.png|fb
20260812_Post giornaliero.png|ig
20260812_Post giornaliero.png|fb
20260812_Storia_1.png|ig
20260812_Storia_1.png|fb
20260814_Post giornaliero.png|ig
20260814_Post giornaliero.png|fb
20260814_Storia_1.png|ig
20260814_Storia_1.png|fb
20260815_Post giornaliero.png|ig
20260815_Post giornaliero.png|fb
20260815_Storia_1.png|ig
20260815_Storia_1.png|fb
20260816_Post giornaliero.png|ig
20260816_Post giornaliero.png|fb
20260816_Storia_1.png|fb
20260816_Storia_1.png|ig
20260817_Post giornaliero.png|ig
20260817_Post giornaliero.png|fb
20260817_Storia_1.png|ig
20260817_Storia_1.png|fb
20260819_Post giornaliero.png|ig
20260819_Post giornaliero.png|fb
20260819_Storia_1.png|ig
20260819_Storia_1.png|fb
20260820_Weekend|ig
20260820_Weekend|fb
